AdroitHandRelocateDense-v1, AdroitHandHammerDense-v1, AdroitHandDoorDense-v1 environment's reward functions were updated in v1.2.1 without an environment version update. Therefore, use gymnasium-robotics==1.2.0 for v1 reproducibility or use v2 in gymnasium-robotics>=1.4.3. See https://github.com/Farama-Foundation/Gymnasium-Robotics/pull/220 for more details
Study A: PPO on corrupted -> GFlowNet fine-tuned on original
  corruption      : large_multigoal
  budgets         : 300,000 pretrain + 300,000 adapt (environment steps)
  seeds           : [2000, 2006, 2012, 2018, 2024]
  hparams sha256  : d01ab1172c5f215c
seed 2000
  [ppo_pretrain_corrupted/seed_2000] native=0.230 zero_shot=0.280 (28s)
  [gfn_finetune_original/seed_2000] success=0.730 reward=100.3 (28s)
  [gfn_scratch_original/seed_2000] success=0.650 reward=43.4 (30s)
seed 2006
  [ppo_pretrain_corrupted/seed_2006] native=0.310 zero_shot=0.330 (24s)
  [gfn_finetune_original/seed_2006] success=0.700 reward=42.8 (26s)
  [gfn_scratch_original/seed_2006] success=0.760 reward=43.2 (27s)
seed 2012
  [ppo_pretrain_corrupted/seed_2012] native=0.310 zero_shot=0.180 (24s)
  [gfn_finetune_original/seed_2012] success=0.560 reward=50.9 (27s)
  [gfn_scratch_original/seed_2012] success=0.700 reward=46.8 (25s)
seed 2018
  [ppo_pretrain_corrupted/seed_2018] native=0.290 zero_shot=0.550 (22s)
  [gfn_finetune_original/seed_2018] success=0.730 reward=89.5 (26s)
  [gfn_scratch_original/seed_2018] success=0.840 reward=52.4 (26s)
seed 2024
  [ppo_pretrain_corrupted/seed_2024] native=0.200 zero_shot=0.420 (25s)
  [gfn_finetune_original/seed_2024] success=0.660 reward=56.0 (28s)
  [gfn_scratch_original/seed_2024] success=0.900 reward=111.1 (28s)
done in 394s -> /Users/mirzo-ulugbekfazilov/Desktop/ppo to gflownet/runs/large_multigoal/results
now run:  python3 analyze.py
