AdroitHandRelocateDense-v1, AdroitHandHammerDense-v1, AdroitHandDoorDense-v1 environment's reward functions were updated in v1.2.1 without an environment version update. Therefore, use gymnasium-robotics==1.2.0 for v1 reproducibility or use v2 in gymnasium-robotics>=1.4.3. See https://github.com/Farama-Foundation/Gymnasium-Robotics/pull/220 for more details
Study A: PPO on corrupted -> GFlowNet fine-tuned on original
  corruption      : large_multigoal
  budgets         : 300,000 pretrain + 300,000 adapt (environment steps)
  seeds           : [123, 2002, 2008, 2014, 2020]
  hparams sha256  : d01ab1172c5f215c
seed 123
  [ppo_pretrain_corrupted/seed_123] native=0.320 zero_shot=0.280 (28s)
  [gfn_finetune_original/seed_123] success=0.610 reward=37.2 (29s)
  [gfn_scratch_original/seed_123] success=0.610 reward=44.8 (30s)
seed 2002
  [ppo_pretrain_corrupted/seed_2002] native=0.260 zero_shot=0.240 (28s)
  [gfn_finetune_original/seed_2002] success=0.850 reward=43.7 (31s)
  [gfn_scratch_original/seed_2002] success=0.580 reward=17.6 (31s)
seed 2008
  [ppo_pretrain_corrupted/seed_2008] native=0.040 zero_shot=0.160 (29s)
  [gfn_finetune_original/seed_2008] success=0.890 reward=47.7 (30s)
  [gfn_scratch_original/seed_2008] success=0.850 reward=42.3 (30s)
seed 2014
  [ppo_pretrain_corrupted/seed_2014] native=0.200 zero_shot=0.210 (27s)
  [gfn_finetune_original/seed_2014] success=0.650 reward=56.1 (31s)
  [gfn_scratch_original/seed_2014] success=0.570 reward=32.4 (33s)
seed 2020
  [ppo_pretrain_corrupted/seed_2020] native=0.200 zero_shot=0.100 (28s)
  [gfn_finetune_original/seed_2020] success=0.870 reward=81.0 (28s)
  [gfn_scratch_original/seed_2020] success=0.820 reward=62.2 (24s)
done in 438s -> /Users/mirzo-ulugbekfazilov/Desktop/ppo to gflownet/runs/large_multigoal/results
now run:  python3 analyze.py
