AdroitHandRelocateDense-v1, AdroitHandHammerDense-v1, AdroitHandDoorDense-v1 environment's reward functions were updated in v1.2.1 without an environment version update. Therefore, use gymnasium-robotics==1.2.0 for v1 reproducibility or use v2 in gymnasium-robotics>=1.4.3. See https://github.com/Farama-Foundation/Gymnasium-Robotics/pull/220 for more details
Study A: PPO on corrupted -> GFlowNet fine-tuned on original
  corruption      : large_multigoal
  budgets         : 300,000 pretrain + 300,000 adapt (environment steps)
  seeds           : [456, 2003, 2009, 2015, 2021]
  hparams sha256  : d01ab1172c5f215c
seed 456
  [ppo_pretrain_corrupted/seed_456] native=0.190 zero_shot=0.250 (28s)
  [gfn_finetune_original/seed_456] success=0.730 reward=77.2 (29s)
  [gfn_scratch_original/seed_456] success=0.610 reward=35.8 (30s)
seed 2003
  [ppo_pretrain_corrupted/seed_2003] native=0.160 zero_shot=0.340 (27s)
  [gfn_finetune_original/seed_2003] success=0.870 reward=75.7 (31s)
  [gfn_scratch_original/seed_2003] success=0.880 reward=71.9 (31s)
seed 2009
  [ppo_pretrain_corrupted/seed_2009] native=0.400 zero_shot=0.380 (29s)
  [gfn_finetune_original/seed_2009] success=0.730 reward=62.1 (30s)
  [gfn_scratch_original/seed_2009] success=0.820 reward=80.3 (30s)
seed 2015
  [ppo_pretrain_corrupted/seed_2015] native=0.070 zero_shot=0.190 (28s)
  [gfn_finetune_original/seed_2015] success=0.750 reward=52.3 (31s)
  [gfn_scratch_original/seed_2015] success=0.770 reward=39.0 (33s)
seed 2021
  [ppo_pretrain_corrupted/seed_2021] native=0.310 zero_shot=0.290 (28s)
  [gfn_finetune_original/seed_2021] success=0.650 reward=48.7 (28s)
  [gfn_scratch_original/seed_2021] success=0.960 reward=70.1 (24s)
done in 436s -> /Users/mirzo-ulugbekfazilov/Desktop/ppo to gflownet/runs/large_multigoal/results
now run:  python3 analyze.py
