AdroitHandRelocateDense-v1, AdroitHandHammerDense-v1, AdroitHandDoorDense-v1 environment's reward functions were updated in v1.2.1 without an environment version update. Therefore, use gymnasium-robotics==1.2.0 for v1 reproducibility or use v2 in gymnasium-robotics>=1.4.3. See https://github.com/Farama-Foundation/Gymnasium-Robotics/pull/220 for more details
Study B: GFlowNet on corrupted -> PPO fine-tuned on original
  corruption      : large_multigoal
  budgets         : 300,000 pretrain + 300,000 adapt (environment steps)
  seeds           : [42, 2001, 2007, 2013, 2019]
  hparams sha256  : d01ab1172c5f215c
seed 42
  [gfn_pretrain_corrupted/seed_42] cached
  [ppo_finetune_original/seed_42] cached
  [ppo_scratch_original/seed_42] cached
seed 2001
  [gfn_pretrain_corrupted/seed_2001] native=0.150 zero_shot=0.380 (23s)
  [ppo_finetune_original/seed_2001] success=0.810 reward=184.9 (31s)
  [ppo_scratch_original/seed_2001] success=0.830 reward=193.6 (30s)
seed 2007
  [gfn_pretrain_corrupted/seed_2007] native=0.200 zero_shot=0.220 (24s)
  [ppo_finetune_original/seed_2007] success=0.880 reward=172.6 (34s)
  [ppo_scratch_original/seed_2007] success=0.800 reward=182.6 (30s)
seed 2013
  [gfn_pretrain_corrupted/seed_2013] native=0.180 zero_shot=0.220 (21s)
  [ppo_finetune_original/seed_2013] success=0.870 reward=186.8 (30s)
  [ppo_scratch_original/seed_2013] success=0.760 reward=172.2 (30s)
seed 2019
  [gfn_pretrain_corrupted/seed_2019] native=0.350 zero_shot=0.600 (21s)
  [ppo_finetune_original/seed_2019] success=0.840 reward=173.7 (31s)
  [ppo_scratch_original/seed_2019] success=0.820 reward=193.8 (31s)
done in 337s -> /Users/mirzo-ulugbekfazilov/Desktop/gflownet to ppo/runs/large_multigoal/results
now run:  python3 analyze.py
