AdroitHandRelocateDense-v1, AdroitHandHammerDense-v1, AdroitHandDoorDense-v1 environment's reward functions were updated in v1.2.1 without an environment version update. Therefore, use gymnasium-robotics==1.2.0 for v1 reproducibility or use v2 in gymnasium-robotics>=1.4.3. See https://github.com/Farama-Foundation/Gymnasium-Robotics/pull/220 for more details
Study B: GFlowNet on corrupted -> PPO fine-tuned on original
  corruption      : large_multigoal
  budgets         : 300,000 pretrain + 300,000 adapt (environment steps)
  seeds           : [456, 2003, 2009, 2015, 2021]
  hparams sha256  : d01ab1172c5f215c
seed 456
  [gfn_pretrain_corrupted/seed_456] native=0.080 zero_shot=0.180 (23s)
  [ppo_finetune_original/seed_456] success=0.870 reward=201.0 (29s)
  [ppo_scratch_original/seed_456] success=0.870 reward=189.5 (30s)
seed 2003
  [gfn_pretrain_corrupted/seed_2003] native=0.270 zero_shot=0.390 (23s)
  [ppo_finetune_original/seed_2003] success=0.900 reward=180.7 (30s)
  [ppo_scratch_original/seed_2003] success=0.840 reward=179.7 (30s)
seed 2009
  [gfn_pretrain_corrupted/seed_2009] native=0.260 zero_shot=0.270 (21s)
  [ppo_finetune_original/seed_2009] success=0.850 reward=196.3 (30s)
  [ppo_scratch_original/seed_2009] success=0.830 reward=179.3 (30s)
seed 2015
  [gfn_pretrain_corrupted/seed_2015] native=0.160 zero_shot=0.150 (22s)
  [ppo_finetune_original/seed_2015] success=0.790 reward=186.3 (31s)
  [ppo_scratch_original/seed_2015] success=0.840 reward=194.1 (30s)
seed 2021
  [gfn_pretrain_corrupted/seed_2021] native=0.200 zero_shot=0.350 (21s)
  [ppo_finetune_original/seed_2021] success=0.760 reward=156.3 (30s)
  [ppo_scratch_original/seed_2021] success=0.810 reward=187.6 (29s)
done in 409s -> /Users/mirzo-ulugbekfazilov/Desktop/gflownet to ppo/runs/large_multigoal/results
now run:  python3 analyze.py
