AdroitHandRelocateDense-v1, AdroitHandHammerDense-v1, AdroitHandDoorDense-v1 environment's reward functions were updated in v1.2.1 without an environment version update. Therefore, use gymnasium-robotics==1.2.0 for v1 reproducibility or use v2 in gymnasium-robotics>=1.4.3. See https://github.com/Farama-Foundation/Gymnasium-Robotics/pull/220 for more details
Study B: GFlowNet on corrupted -> PPO fine-tuned on original
  corruption      : large_multigoal
  budgets         : 300,000 pretrain + 300,000 adapt (environment steps)
  seeds           : [123, 2002, 2008, 2014, 2020]
  hparams sha256  : d01ab1172c5f215c
seed 123
  [gfn_pretrain_corrupted/seed_123] cached
  [ppo_finetune_original/seed_123] success=0.760 reward=173.2 (34s)
  [ppo_scratch_original/seed_123] success=0.820 reward=188.8 (34s)
seed 2002
  [gfn_pretrain_corrupted/seed_2002] native=0.070 zero_shot=0.270 (24s)
  [ppo_finetune_original/seed_2002] success=0.820 reward=182.2 (31s)
  [ppo_scratch_original/seed_2002] success=0.840 reward=198.4 (31s)
seed 2008
  [gfn_pretrain_corrupted/seed_2008] native=0.040 zero_shot=0.130 (20s)
  [ppo_finetune_original/seed_2008] success=0.840 reward=179.9 (31s)
  [ppo_scratch_original/seed_2008] success=0.840 reward=193.0 (29s)
seed 2014
  [gfn_pretrain_corrupted/seed_2014] native=0.060 zero_shot=0.190 (20s)
  [ppo_finetune_original/seed_2014] success=0.860 reward=179.4 (31s)
  [ppo_scratch_original/seed_2014] success=0.820 reward=193.3 (30s)
seed 2020
  [gfn_pretrain_corrupted/seed_2020] native=0.200 zero_shot=0.320 (20s)
  [ppo_finetune_original/seed_2020] success=0.880 reward=183.7 (30s)
  [ppo_scratch_original/seed_2020] success=0.820 reward=187.6 (30s)
done in 397s -> /Users/mirzo-ulugbekfazilov/Desktop/gflownet to ppo/runs/large_multigoal/results
now run:  python3 analyze.py
