AdroitHandRelocateDense-v1, AdroitHandHammerDense-v1, AdroitHandDoorDense-v1 environment's reward functions were updated in v1.2.1 without an environment version update. Therefore, use gymnasium-robotics==1.2.0 for v1 reproducibility or use v2 in gymnasium-robotics>=1.4.3. See https://github.com/Farama-Foundation/Gymnasium-Robotics/pull/220 for more details
Study B: GFlowNet on corrupted -> PPO fine-tuned on original
  corruption      : large_multigoal
  budgets         : 300,000 pretrain + 300,000 adapt (environment steps)
  seeds           : [1000, 2005, 2011, 2017, 2023]
  hparams sha256  : d01ab1172c5f215c
seed 1000
  [gfn_pretrain_corrupted/seed_1000] native=0.270 zero_shot=0.240 (23s)
  [ppo_finetune_original/seed_1000] success=0.860 reward=186.6 (30s)
  [ppo_scratch_original/seed_1000] success=0.850 reward=185.5 (31s)
seed 2005
  [gfn_pretrain_corrupted/seed_2005] native=0.170 zero_shot=0.270 (24s)
  [ppo_finetune_original/seed_2005] success=0.880 reward=183.2 (35s)
  [ppo_scratch_original/seed_2005] success=0.820 reward=194.7 (35s)
seed 2011
  [gfn_pretrain_corrupted/seed_2011] native=0.200 zero_shot=0.440 (25s)
  [ppo_finetune_original/seed_2011] success=0.870 reward=182.4 (35s)
  [ppo_scratch_original/seed_2011] success=0.810 reward=151.3 (36s)
seed 2017
  [gfn_pretrain_corrupted/seed_2017] native=0.150 zero_shot=0.650 (26s)
  [ppo_finetune_original/seed_2017] success=0.820 reward=193.8 (36s)
  [ppo_scratch_original/seed_2017] success=0.860 reward=190.8 (30s)
seed 2023
  [gfn_pretrain_corrupted/seed_2023] native=0.060 zero_shot=0.450 (20s)
  [ppo_finetune_original/seed_2023] success=0.840 reward=190.9 (29s)
  [ppo_scratch_original/seed_2023] success=0.860 reward=200.3 (28s)
done in 443s -> /Users/mirzo-ulugbekfazilov/Desktop/gflownet to ppo/runs/large_multigoal/results
now run:  python3 analyze.py
