AdroitHandRelocateDense-v1, AdroitHandHammerDense-v1, AdroitHandDoorDense-v1 environment's reward functions were updated in v1.2.1 without an environment version update. Therefore, use gymnasium-robotics==1.2.0 for v1 reproducibility or use v2 in gymnasium-robotics>=1.4.3. See https://github.com/Farama-Foundation/Gymnasium-Robotics/pull/220 for more details
Study B: GFlowNet on corrupted -> PPO fine-tuned on original
  corruption      : action_gain_jitter
  budgets         : 300,000 pretrain + 300,000 adapt (environment steps)
  seeds           : [789, 2004, 2010, 2016, 2022]
  hparams sha256  : d01ab1172c5f215c
seed 789
  [gfn_pretrain_corrupted/seed_789] native=0.830 zero_shot=0.800 (19s)
  [ppo_finetune_original/seed_789] success=0.850 reward=197.0 (32s)
  [ppo_scratch_original/seed_789] success=0.820 reward=195.0 (34s)
seed 2004
  [gfn_pretrain_corrupted/seed_2004] native=0.320 zero_shot=0.310 (20s)
  [ppo_finetune_original/seed_2004] success=0.820 reward=174.3 (35s)
  [ppo_scratch_original/seed_2004] success=0.780 reward=135.5 (34s)
seed 2010
  [gfn_pretrain_corrupted/seed_2010] native=0.660 zero_shot=0.650 (21s)
  [ppo_finetune_original/seed_2010] success=0.810 reward=188.4 (34s)
  [ppo_scratch_original/seed_2010] success=0.830 reward=174.3 (34s)
seed 2016
  [gfn_pretrain_corrupted/seed_2016] native=0.650 zero_shot=0.660 (21s)
  [ppo_finetune_original/seed_2016] success=0.790 reward=183.8 (35s)
  [ppo_scratch_original/seed_2016] success=0.810 reward=190.4 (36s)
seed 2022
  [gfn_pretrain_corrupted/seed_2022] native=0.420 zero_shot=0.410 (20s)
  [ppo_finetune_original/seed_2022] success=0.790 reward=186.1 (33s)
  [ppo_scratch_original/seed_2022] success=0.820 reward=191.4 (29s)
done in 438s -> /Users/mirzo-ulugbekfazilov/Desktop/gflownet to ppo/runs/action_gain_jitter/results
now run:  python3 analyze.py
