AdroitHandRelocateDense-v1, AdroitHandHammerDense-v1, AdroitHandDoorDense-v1 environment's reward functions were updated in v1.2.1 without an environment version update. Therefore, use gymnasium-robotics==1.2.0 for v1 reproducibility or use v2 in gymnasium-robotics>=1.4.3. See https://github.com/Farama-Foundation/Gymnasium-Robotics/pull/220 for more details
Study B: GFlowNet on corrupted -> PPO fine-tuned on original
  corruption      : action_gain_jitter
  budgets         : 300,000 pretrain + 300,000 adapt (environment steps)
  seeds           : [2000, 2006, 2012, 2018, 2024]
  hparams sha256  : d01ab1172c5f215c
seed 2000
  [gfn_pretrain_corrupted/seed_2000] native=0.300 zero_shot=0.310 (19s)
  [ppo_finetune_original/seed_2000] success=0.810 reward=187.7 (32s)
  [ppo_scratch_original/seed_2000] success=0.890 reward=201.5 (33s)
seed 2006
  [gfn_pretrain_corrupted/seed_2006] native=0.710 zero_shot=0.700 (20s)
  [ppo_finetune_original/seed_2006] success=0.850 reward=199.2 (34s)
  [ppo_scratch_original/seed_2006] success=0.870 reward=191.1 (33s)
seed 2012
  [gfn_pretrain_corrupted/seed_2012] native=0.750 zero_shot=0.750 (20s)
  [ppo_finetune_original/seed_2012] success=0.810 reward=193.3 (33s)
  [ppo_scratch_original/seed_2012] success=0.760 reward=178.3 (35s)
seed 2018
  [gfn_pretrain_corrupted/seed_2018] native=0.910 zero_shot=0.900 (20s)
  [ppo_finetune_original/seed_2018] success=0.850 reward=198.9 (33s)
  [ppo_scratch_original/seed_2018] success=0.810 reward=181.8 (34s)
seed 2024
  [gfn_pretrain_corrupted/seed_2024] native=0.590 zero_shot=0.600 (19s)
  [ppo_finetune_original/seed_2024] success=0.820 reward=196.3 (34s)
  [ppo_scratch_original/seed_2024] success=0.840 reward=187.4 (30s)
done in 431s -> /Users/mirzo-ulugbekfazilov/Desktop/gflownet to ppo/runs/action_gain_jitter/results
now run:  python3 analyze.py
