AdroitHandRelocateDense-v1, AdroitHandHammerDense-v1, AdroitHandDoorDense-v1 environment's reward functions were updated in v1.2.1 without an environment version update. Therefore, use gymnasium-robotics==1.2.0 for v1 reproducibility or use v2 in gymnasium-robotics>=1.4.3. See https://github.com/Farama-Foundation/Gymnasium-Robotics/pull/220 for more details
Study B: GFlowNet on corrupted -> PPO fine-tuned on original
  corruption      : action_gain_jitter
  budgets         : 300,000 pretrain + 300,000 adapt (environment steps)
  seeds           : [42, 123, 456, 789, 1000, 2000, 2001, 2002, 2003, 2004, 2005, 2006, 2007, 2008, 2009, 2010, 2011, 2012, 2013, 2014, 2015, 2016, 2017, 2018, 2019, 2020, 2021, 2022, 2023, 2024]
  hparams sha256  : d01ab1172c5f215c
seed 42
  [gfn_pretrain_corrupted/seed_42] cached
  [ppo_finetune_original/seed_42] cached
  [ppo_scratch_original/seed_42] cached
seed 123
  [gfn_pretrain_corrupted/seed_123] cached
  [ppo_finetune_original/seed_123] cached
  [ppo_scratch_original/seed_123] cached
seed 456
  [gfn_pretrain_corrupted/seed_456] cached
  [ppo_finetune_original/seed_456] cached
  [ppo_scratch_original/seed_456] cached
seed 789
  [gfn_pretrain_corrupted/seed_789] cached
  [ppo_finetune_original/seed_789] cached
  [ppo_scratch_original/seed_789] cached
seed 1000
  [gfn_pretrain_corrupted/seed_1000] cached
  [ppo_finetune_original/seed_1000] cached
  [ppo_scratch_original/seed_1000] cached
seed 2000
  [gfn_pretrain_corrupted/seed_2000] cached
  [ppo_finetune_original/seed_2000] cached
  [ppo_scratch_original/seed_2000] cached
seed 2001
  [gfn_pretrain_corrupted/seed_2001] cached
  [ppo_finetune_original/seed_2001] cached
  [ppo_scratch_original/seed_2001] cached
seed 2002
  [gfn_pretrain_corrupted/seed_2002] cached
  [ppo_finetune_original/seed_2002] cached
  [ppo_scratch_original/seed_2002] cached
seed 2003
  [gfn_pretrain_corrupted/seed_2003] cached
  [ppo_finetune_original/seed_2003] cached
  [ppo_scratch_original/seed_2003] cached
seed 2004
  [gfn_pretrain_corrupted/seed_2004] cached
  [ppo_finetune_original/seed_2004] cached
  [ppo_scratch_original/seed_2004] cached
seed 2005
  [gfn_pretrain_corrupted/seed_2005] cached
  [ppo_finetune_original/seed_2005] cached
  [ppo_scratch_original/seed_2005] cached
seed 2006
  [gfn_pretrain_corrupted/seed_2006] cached
  [ppo_finetune_original/seed_2006] cached
  [ppo_scratch_original/seed_2006] cached
seed 2007
  [gfn_pretrain_corrupted/seed_2007] cached
  [ppo_finetune_original/seed_2007] cached
  [ppo_scratch_original/seed_2007] cached
seed 2008
  [gfn_pretrain_corrupted/seed_2008] cached
  [ppo_finetune_original/seed_2008] cached
  [ppo_scratch_original/seed_2008] cached
seed 2009
  [gfn_pretrain_corrupted/seed_2009] cached
  [ppo_finetune_original/seed_2009] cached
  [ppo_scratch_original/seed_2009] cached
seed 2010
  [gfn_pretrain_corrupted/seed_2010] cached
  [ppo_finetune_original/seed_2010] cached
  [ppo_scratch_original/seed_2010] cached
seed 2011
  [gfn_pretrain_corrupted/seed_2011] cached
  [ppo_finetune_original/seed_2011] cached
  [ppo_scratch_original/seed_2011] cached
seed 2012
  [gfn_pretrain_corrupted/seed_2012] cached
  [ppo_finetune_original/seed_2012] cached
  [ppo_scratch_original/seed_2012] cached
seed 2013
  [gfn_pretrain_corrupted/seed_2013] cached
  [ppo_finetune_original/seed_2013] cached
  [ppo_scratch_original/seed_2013] cached
seed 2014
  [gfn_pretrain_corrupted/seed_2014] cached
  [ppo_finetune_original/seed_2014] cached
  [ppo_scratch_original/seed_2014] cached
seed 2015
  [gfn_pretrain_corrupted/seed_2015] cached
  [ppo_finetune_original/seed_2015] cached
  [ppo_scratch_original/seed_2015] cached
seed 2016
  [gfn_pretrain_corrupted/seed_2016] cached
  [ppo_finetune_original/seed_2016] cached
  [ppo_scratch_original/seed_2016] cached
seed 2017
  [gfn_pretrain_corrupted/seed_2017] cached
  [ppo_finetune_original/seed_2017] cached
  [ppo_scratch_original/seed_2017] cached
seed 2018
  [gfn_pretrain_corrupted/seed_2018] cached
  [ppo_finetune_original/seed_2018] cached
  [ppo_scratch_original/seed_2018] cached
seed 2019
  [gfn_pretrain_corrupted/seed_2019] cached
  [ppo_finetune_original/seed_2019] cached
  [ppo_scratch_original/seed_2019] cached
seed 2020
  [gfn_pretrain_corrupted/seed_2020] cached
  [ppo_finetune_original/seed_2020] cached
  [ppo_scratch_original/seed_2020] cached
seed 2021
  [gfn_pretrain_corrupted/seed_2021] cached
  [ppo_finetune_original/seed_2021] cached
  [ppo_scratch_original/seed_2021] cached
seed 2022
  [gfn_pretrain_corrupted/seed_2022] cached
  [ppo_finetune_original/seed_2022] cached
  [ppo_scratch_original/seed_2022] cached
seed 2023
  [gfn_pretrain_corrupted/seed_2023] cached
  [ppo_finetune_original/seed_2023] cached
  [ppo_scratch_original/seed_2023] cached
seed 2024
  [gfn_pretrain_corrupted/seed_2024] cached
  [ppo_finetune_original/seed_2024] cached
  [ppo_scratch_original/seed_2024] cached
done in 0s -> /Users/mirzo-ulugbekfazilov/Desktop/gflownet to ppo/runs/action_gain_jitter/results
now run:  python3 analyze.py
