AdroitHandRelocateDense-v1, AdroitHandHammerDense-v1, AdroitHandDoorDense-v1 environment's reward functions were updated in v1.2.1 without an environment version update. Therefore, use gymnasium-robotics==1.2.0 for v1 reproducibility or use v2 in gymnasium-robotics>=1.4.3. See https://github.com/Farama-Foundation/Gymnasium-Robotics/pull/220 for more details
Study A: PPO on corrupted -> GFlowNet fine-tuned on original
  corruption      : action_gain_jitter
  budgets         : 300,000 pretrain + 300,000 adapt (environment steps)
  seeds           : [42, 2001, 2007, 2013, 2019]
  hparams sha256  : d01ab1172c5f215c
seed 42
  [ppo_pretrain_corrupted/seed_42] native=0.850 zero_shot=0.860 (21s)
  [gfn_finetune_original/seed_42] success=0.580 reward=45.7 (27s)
  [gfn_scratch_original/seed_42] success=0.490 reward=29.9 (27s)
seed 2001
  [ppo_pretrain_corrupted/seed_2001] native=0.790 zero_shot=0.790 (20s)
  [gfn_finetune_original/seed_2001] success=0.530 reward=38.8 (25s)
  [gfn_scratch_original/seed_2001] success=0.660 reward=48.5 (26s)
seed 2007
  [ppo_pretrain_corrupted/seed_2007] native=0.800 zero_shot=0.800 (19s)
  [gfn_finetune_original/seed_2007] success=0.870 reward=80.3 (25s)
  [gfn_scratch_original/seed_2007] success=0.780 reward=61.9 (25s)
seed 2013
  [ppo_pretrain_corrupted/seed_2013] native=0.780 zero_shot=0.790 (19s)
  [gfn_finetune_original/seed_2013] success=0.770 reward=100.3 (26s)
  [gfn_scratch_original/seed_2013] success=0.560 reward=55.0 (25s)
seed 2019
  [ppo_pretrain_corrupted/seed_2019] native=0.840 zero_shot=0.840 (19s)
  [gfn_finetune_original/seed_2019] success=0.880 reward=64.0 (26s)
  [gfn_scratch_original/seed_2019] success=0.880 reward=39.9 (26s)
done in 358s -> /Users/mirzo-ulugbekfazilov/Desktop/ppo to gflownet/runs/action_gain_jitter/results
now run:  python3 analyze.py
